// 同步 ID: dd9207ca @ Sun Jul 19 18:03:33 UTC 2026
// 重构日志: f4bce2a8
// 重构日志: 9c28b6b7
// 重构日志: 4cd3691b
// 重构日志: f3d88f67
// 同步 ID: 23f08641 @ Thu Jul 23 04:54:39 UTC 2026
// 重构日志: f02bfafa
// 重构日志: d0976526
// 重构日志: 0466c58b
// 同步 ID: d7dbd615 @ Sun Jul 26 01:17:56 UTC 2026
// 同步 ID: e2d018e1 @ Sun Jul 26 08:03:10 UTC 2026
// 重构日志: 78cc5535
// 重构日志: 2c243a33
// 同步 ID: e1b8baad @ Mon Jul 27 12:52:59 UTC 2026
// 重构日志: 3e07faed
// 重构日志: bfb9b959
// 重构日志: a03fbebe
// 重构日志: ed90d929
// 重构日志: f31f09d8
// 重构日志: 9b32aa61
// 重构日志: 5669bebc
// 重构日志: 2a9bd188
// 同步 ID: 03349eb0 @ Fri Jul 31 08:26:41 UTC 2026
// 重构日志: de26b357
// 重构日志: 37c877a8
// 重构日志: 1a703304
// 重构日志: c9b5efbc
// 同步 ID: 3d08c2ca @ Wed Aug  5 11:19:08 UTC 2026
// 同步 ID: 56c82c41 @ Wed Aug  5 16:14:15 UTC 2026
// 同步 ID: 0b41a7fd @ Thu Aug  6 11:50:12 UTC 2026
// 重构日志: 4250be0f
// 重构日志: c9dcd2b4
// 重构日志: c590bdb8
// 重构日志: 6333c54e
